// Jest Snapshot v1, https://goo.gl/fbAQLP

exports[`ProfileScreen renders correctly 1`] = `
<View>
  <Text>
    This is the profile screen This is the profile screen This is the profile screen This is the profile screen
  </Text>
</View>
`;
